// Jest Snapshot v1, https://goo.gl/fbAQLP

exports[`Render ActionsMenu should render 1`] = `
<div>
  <button
    class="MuiButtonBase-root MuiIconButton-root MuiIconButton-sizeSmall"
    tabindex="0"
    title="acciones"
    type="button"
  >
    <span
      class="MuiIconButton-label"
    >
      <span
        aria-hidden="true"
        class="material-icons MuiIcon-root"
        style="color: rgb(68, 97, 37);"
      >
        more_horiz
      </span>
    </span>
    <span
      class="MuiTouchRipple-root"
    />
  </button>
</div>
`;
